(2,1)
(3,1)
(4,1)
161 127 186 177 4 1 2
(5,1)
(6,1)
(7,1)
161 127 186 177 5 1 2
(8,1)
(9,1)
(9,2)
(8,2)
(7,2)
(6,2)
(5,2)
Move failed!
Move failed!
Move failed!
(5,1)
Move failed!
Move failed!
Move failed!
Move failed!
Move failed!
Move failed!
Move failed!
(6,1)
(5,1)
(4,1)
Move failed!
Move failed!
Move failed!
Move failed!
Move failed!
Move failed!
Move failed!
Move failed!
Move failed!
Move failed!
Move failed!
(5,1)
(6,1)
Move failed!
Move failed!
Move failed!
(7,1)
Move failed!
Move failed!
Move failed!
Move failed!
Move failed!
Move failed!
(7,2)
Move failed!
Move failed!
Move failed!
Move failed!
Move failed!
(8,2)
(9,2)
(9,1)
Move failed!
(9,2)
(9,3)
(9,4)
153 127 186 188 5 1 2
(9,5)
Move failed!
(9,4)
(9,3)
(9,2)
2 (9,10)
(9,9)
Move failed!
Move failed!
Move failed!
Move failed!
Move failed!
Move failed!
1 (10,2)
(10,3)
(10,4)
Move failed!
Move failed!
Move failed!
Move failed!
(11,4)
(11,3)
(11,2)
(11,1)
Move failed!
Move failed!
Move failed!
Move failed!
(11,2)
(11,3)
(11,4)
Move failed!
Move failed!
Move failed!
(11,3)
(11,2)
(11,1)
Move failed!
Move failed!
Move failed!
Move failed!
(11,2)
(11,3)
(11,4)
Move failed!
Move failed!
Move failed!
(10,4)
(9,4)
(9,5)
(9,6)
(9,7)
(9,8)
